--- TESTING DYNAMIC MESSAGES ---

Testing for: Mutare Spare Parts (Auto Parts)
Greetings from LogicHQ,

I'm Michael from LogicHQ ΓÇö we build smart systems that turn manual operations into automated growth engines.

I've been tracking the evolution of SMEs in Harare, and Mutare Spare Parts's trajectory stands out as particularly impressive.

Specifically, I've noticed many businesses in your space struggle with inventory inaccuracy. This often leads to stockouts, manual errors, and missed profit opportunities while operations become more complex.

This is exactly why we built Takada (POS & Inventory Management System) (https://takada.logichq.tech). It's a high-performance system designed to advance your business by automating stock tracking and providing real-time POS analytics.

Are you available for a quick call to explore how Takada can scale your business with smart POS & inventory?

ΓÇö Michael
LogicHQ | Automation Solutions
https://takada.logichq.tech

--- WHATSAPP ---
Hi! I'm Michael from LogicHQ. I came across Mutare Spare Parts and would love to chat about Takada POS (https://takada.logichq.tech) for your business. Quick call?

==============================

Testing for: Harare Gourmet Bakery (Bakery)
Greetings from LogicHQ,

I'm Michael from LogicHQ. I love seeing how the right technology can completely transform a local business's workflow.

I've been deep-diving into the operational models of high-growth Bakery firms, and Harare Gourmet Bakery consistently comes up as a leader in the space.

Specifically, I've noticed many businesses in your space struggle with manual stock tracking. This often leads to stockouts, manual errors, and missed profit opportunities while operations become more complex.

This is exactly why we built Takada (POS & Inventory Management System) (https://takada.logichq.tech). It's a high-performance system designed to advance your business by automating stock tracking and providing real-time POS analytics.

Are you available for a quick call to explore how Takada can scale your business with smart POS & inventory?

ΓÇö Michael
LogicHQ | Automation Solutions
https://takada.logichq.tech

--- WHATSAPP ---
Hi there! I'm Michael, a software engineer. I researched Harare Gourmet Bakery and have a proposal for a smart POS that scales your inventory. Interested?

==============================

